
> commerzio-services@1.0.0 test
> vitest run


[1m[46m RUN [49m[22m [36mv4.0.15 [39m[90mD:/Documents/GitHub/CommerzioS[39m

 [32mÔ£ô[39m client/src/lib/coordinates.test.ts [2m([22m[2m15 tests[22m[2m)[22m[32m 5[2mms[22m[39m

[2m Test Files [22m [1m[31m1 failed[39m[22m[2m | [22m[1m[32m1 passed[39m[22m[90m (2)[39m
[2m      Tests [22m [1m[32m15 passed[39m[22m[90m (15)[39m
[2m   Start at [22m 19:53:26
[2m   Duration [22m 2.13s[2m (transform 736ms, setup 202ms, import 67ms, tests 5ms, environment 1.21s)[22m

